// Jest Snapshot v1, https://goo.gl/fbAQLP

exports[`Footer renders correctly as expected 1`] = `
<footer
  className="footer"
>
  <div>
    <h3
      className="footer__title"
    >
      You made past the infinate scroll #yay 
    </h3>
    <div
      className="footer__links"
    >
      <a
        href="/"
      >
        info
      </a>
      <a
        href="/"
      >
        marketing
      </a>
      <a
        href="/"
      >
        support
      </a>
    </div>
  </div>
</footer>
`;
